// Jest Snapshot v1, https://goo.gl/fbAQLP

exports[`ActionList: renders correctly 1`] = `
<div
  className="actions"
>
  <button
    aria-pressed={false}
    className="button"
    onClick={[Function]}
    type="button"
  >
    Clear completed
  </button>
</div>
`;
