// Jest Snapshot v1, https://goo.gl/fbAQLP

exports[`Button: renders correctly 1`] = `
<button
  aria-pressed={false}
  className="button"
  onClick={null}
  type="button"
>
  test
</button>
`;
