// Jest Snapshot v1, https://goo.gl/fbAQLP

exports[`Checkbox: renders correctly 1`] = `
<input
  className="checkbox"
  defaultChecked={false}
  id="checkboxId"
  onChange={null}
  type="checkbox"
/>
`;
